// Vitest Snapshot v1, https://vitest.dev/guide/snapshot.html

exports[`test App.jsx > matchces snapshot 1`] = `
<DocumentFragment>
  <div
    class="App"
  >
    <nav
      class="Navigation navbar navbar-expand-md navbar"
    >
      <div
        class="container-fluid"
      >
        <a
          aria-current="page"
          class="navbar-brand active"
          href="/"
        >
          Begin to Gym
        </a>
        <ul
          class="navbar-nav ml-auto nav"
        >
          <li
            class="nav-item mr-4 nav-item"
          >
            <a
              class="nav-link"
              href="/login"
            >
              Login
            </a>
          </li>
          <li
            class="nav-item mr-4 nav-item"
          >
            <a
              class="nav-link"
              href="/signup"
            >
              Sign Up
            </a>
          </li>
        </ul>
      </div>
    </nav>
    <div>
      <div
        class="Home"
      >
        <div
          class="container text-center"
        >
          <header>
            <h1>
              Begin to Gym
            </h1>
            <p
              class="lead"
            >
              A solution for your fitness goals!
            </p>
          </header>
          <span>
            <div
              class="Home-mission"
            >
              <h3>
                Our Mission
              </h3>
              <p>
                Life can be hectic, which can make working out seem daunting in your already-busy schedule. At Begin to Gym, our mission is simple: to help you simplify your fitness life. We'll simplify your goals by curating programs that fit your needs so that you don't have to!
              </p>
            </div>
            <p
              class="lead"
            >
              Get Started Below!
            </p>
            <a
              class="btn btn-primary font-weight-bold me-3"
              href="/login"
            >
              Log In
            </a>
            <a
              class="btn btn-primary font-weight-bold ms-3"
              href="/signup"
            >
              Sign Up
            </a>
          </span>
        </div>
      </div>
    </div>
  </div>
</DocumentFragment>
`;
